// Jest Snapshot v1, https://goo.gl/fbAQLP

exports[`Tasks Screen matches the rendered snapshot 1`] = `
<View
  style={
    {
      "alignItems": "center",
      "backgroundColor": "#fff",
      "flex": 1,
      "justifyContent": "center",
    }
  }
>
  <Text
    style={
      {
        "padding": 20,
        "textAlign": "center",
      }
    }
  />
  <View
    accessibilityState={
      {
        "busy": undefined,
        "checked": undefined,
        "disabled": false,
        "expanded": undefined,
        "selected": undefined,
      }
    }
    accessibilityValue={
      {
        "max": undefined,
        "min": undefined,
        "now": undefined,
        "text": undefined,
      }
    }
    accessible={true}
    collapsable={false}
    focusable={true}
    onClick={[Function]}
    onResponderGrant={[Function]}
    onResponderMove={[Function]}
    onResponderRelease={[Function]}
    onResponderTerminate={[Function]}
    onResponderTerminationRequest={[Function]}
    onStartShouldSetResponder={[Function]}
    style={
      {
        "alignItems": "center",
        "backgroundColor": "#4caf50",
        "borderRadius": 5,
        "opacity": 1,
        "paddingHorizontal": 20,
        "paddingVertical": 12,
      }
    }
  >
    <Text
      accessibilityLabel="title"
      style={
        [
          {
            "color": "#fff",
            "fontSize": 16,
            "fontWeight": "600",
          },
          {
            "color": "#fff",
          },
        ]
      }
    />
  </View>
</View>
`;
